// Vitest Snapshot v1, https://vitest.dev/guide/snapshot.html

exports[`openFinalReview > matches the review-handoff.md snapshot 1`] = `
"# Run Review Handoff

## Run summary

- **Short Name**: my-run
- **Run ID**: my-run-1234567890
- **Base Branch**: feature/my-run
- **Final Phase Branch**: \`feature/my-run--phase-01\`
- **Gate Profile**: fast
- **Phases**: 1/1 passed
- See [final-report.md](final-report.md) for security details and entry/resume instructions.

## Global File Reconciliation

| File | Planned in | Touched in | Status | Notes |
| --- | --- | --- | --- | --- |

## Global unplanned changes

_None._

## Global missing planned changes

_None._

## Global review attention points

_No attention points._

## Phase details

### phase-01 — First Phase

#### File reconciliation

## File Reconciliation

No deviations.

#### Phase handoff

## Phase Handoff

All done.
"
`;
