// Vitest Snapshot v1, https://vitest.dev/guide/snapshot.html

exports[`executePlan — tracing > emits the expected trace event sequence for a one-phase run > trace-event-sequence 1`] = `
[
  {
    "boundary": "phax.json",
    "details": undefined,
    "event": "config.discovered",
    "phase": undefined,
    "status": "info",
  },
  {
    "boundary": "phax.json",
    "details": {
      "gateProfileId": "full",
      "repoRoot": "<tmpdir>",
      "workspaceId": undefined,
    },
    "event": "config.validated",
    "phase": undefined,
    "status": "ok",
  },
  {
    "boundary": undefined,
    "details": {
      "eventId": "<uuid>",
      "eventType": "RunStarted",
      "phaseStateBefore": undefined,
      "runStateBefore": "created",
    },
    "event": "event.handled",
    "phase": undefined,
    "status": "ok",
  },
  {
    "boundary": undefined,
    "details": {
      "entity": "run",
      "to": "running",
    },
    "event": "state.transition",
    "phase": undefined,
    "status": "ok",
  },
  {
    "boundary": undefined,
    "details": {
      "eventId": "<uuid>",
      "eventType": "RunResumeRequested",
      "phaseStateBefore": "pending",
      "reason": "run is already running",
      "runStateBefore": "running",
    },
    "event": "event.ignored",
    "phase": "phase-01",
    "status": "info",
  },
  {
    "boundary": undefined,
    "details": {
      "eventId": "<uuid>",
      "eventType": "PhaseStartRequested",
      "phaseStateBefore": "pending",
      "runStateBefore": "running",
    },
    "event": "event.handled",
    "phase": "phase-01",
    "status": "ok",
  },
  {
    "boundary": undefined,
    "details": {
      "entity": "phase",
      "to": "setting_up_worktree",
    },
    "event": "state.transition",
    "phase": "phase-01",
    "status": "ok",
  },
  {
    "boundary": "worktree",
    "details": {
      "worktreePath": "<tmpdir>/worktrees/my-run/phase-01",
    },
    "event": "git.worktree.created",
    "phase": "phase-01",
    "status": "ok",
  },
  {
    "boundary": undefined,
    "details": {
      "eventId": "<uuid>",
      "eventType": "WorktreeCreated",
      "phaseStateBefore": "setting_up_worktree",
      "runStateBefore": "running",
    },
    "event": "event.handled",
    "phase": "phase-01",
    "status": "ok",
  },
  {
    "boundary": undefined,
    "details": {
      "entity": "phase",
      "to": "running",
    },
    "event": "state.transition",
    "phase": "phase-01",
    "status": "ok",
  },
  {
    "boundary": "claude-code",
    "details": {
      "effort": "low",
      "model": "claude-sonnet-4-6",
    },
    "event": "agent.invocation.started",
    "phase": "phase-01",
    "status": "info",
  },
  {
    "boundary": "claude-code",
    "details": undefined,
    "event": "agent.invocation.completed",
    "phase": "phase-01",
    "status": "ok",
  },
  {
    "boundary": undefined,
    "details": {
      "sessionId": "sess-01",
    },
    "event": "agent.session.captured",
    "phase": "phase-01",
    "status": "ok",
  },
  {
    "boundary": "gate",
    "details": {
      "attempt": 1,
    },
    "event": "gate.started",
    "phase": "phase-01",
    "status": "info",
  },
  {
    "boundary": "gate",
    "details": {
      "attempt": 1,
    },
    "event": "gate.completed",
    "phase": "phase-01",
    "status": "ok",
  },
  {
    "boundary": undefined,
    "details": {
      "eventId": "<uuid>",
      "eventType": "GatePassed",
      "phaseStateBefore": "running",
      "runStateBefore": "running",
    },
    "event": "event.handled",
    "phase": "phase-01",
    "status": "ok",
  },
  {
    "boundary": undefined,
    "details": {
      "entity": "phase",
      "to": "passed",
    },
    "event": "state.transition",
    "phase": "phase-01",
    "status": "ok",
  },
  {
    "boundary": "phase-handoff.md",
    "details": undefined,
    "event": "handoff.requested",
    "phase": "phase-01",
    "status": "info",
  },
  {
    "boundary": "phase-handoff.md",
    "details": undefined,
    "event": "handoff.validated",
    "phase": "phase-01",
    "status": "ok",
  },
  {
    "boundary": undefined,
    "details": {
      "eventId": "<uuid>",
      "eventType": "CommitCreated",
      "phaseStateBefore": "passed",
      "runStateBefore": "running",
    },
    "event": "event.handled",
    "phase": "phase-01",
    "status": "ok",
  },
  {
    "boundary": undefined,
    "details": {
      "entity": "phase",
      "to": "committed",
    },
    "event": "state.transition",
    "phase": "phase-01",
    "status": "ok",
  },
  {
    "boundary": "git",
    "details": {
      "subject": "ai(phase-01): do thing",
    },
    "event": "git.commit.created",
    "phase": "phase-01",
    "status": "ok",
  },
  {
    "boundary": undefined,
    "details": {
      "eventId": "<uuid>",
      "eventType": "FinalReviewOpened",
      "phaseStateBefore": "committed",
      "runStateBefore": "running",
    },
    "event": "event.handled",
    "phase": "phase-01",
    "status": "ok",
  },
  {
    "boundary": undefined,
    "details": {
      "entity": "run",
      "to": "review_open",
    },
    "event": "state.transition",
    "phase": undefined,
    "status": "ok",
  },
  {
    "boundary": undefined,
    "details": {
      "entity": "phase",
      "to": "review_open",
    },
    "event": "state.transition",
    "phase": "phase-01",
    "status": "ok",
  },
]
`;
