// Vitest Snapshot v1, https://vitest.dev/guide/snapshot.html

exports[`buildPhasePrompt > matches the expected snapshot 1`] = `
"# Execute one implementation phase

You are executing one phase of a multi-phase AI-assisted development workflow.

You must only execute the current phase.

Do not broaden the scope.
Do not anticipate future phases unless strictly necessary to avoid breaking the current phase.
Do not redesign unrelated parts of the system.
Do not add speculative features.
Do not change the planned commit message.
Do not run \`git commit\` yourself — phax commits your changes after gates pass.
Write \`phase-handoff.md\` and \`summary.md\` inside \`.phax-context/\` (gitignored phax metadata folder), not at the worktree root.

## Source intent/spec document

(not provided — see human-readable plan below)

## Human-readable approved plan

# My Plan

Phase overview.

## Machine-readable execution plan

{
  "version": 1,
  "run": {
    "shortName": "my-run",
    "title": "My Run",
    "branch": "feature/my-run",
    "backend": "claude-code-cli"
  },
  "phases": [
    {
      "id": "phase-01",
      "title": "CLI skeleton",
      "model": "claude-sonnet-4-6",
      "effort": "medium",
      "planMarkdownAnchor": "#phase-01-cli-skeleton",
      "plannedFilesToCreate": [],
      "plannedFilesToEdit": [],
      "optionalFilesToEdit": [],
      "commit": {
        "subject": "ai(phase-01): create cli skeleton",
        "body": "Bootstrap the project."
      }
    }
  ]
}

## Previous phase handoff

# Phase handoff

## Phase completed

All done.

## Current phase

{
  "id": "phase-01",
  "title": "CLI skeleton",
  "model": "claude-sonnet-4-6",
  "effort": "medium",
  "planMarkdownAnchor": "#phase-01-cli-skeleton",
  "plannedFilesToCreate": [],
  "plannedFilesToEdit": [],
  "optionalFilesToEdit": [],
  "commit": {
    "subject": "ai(phase-01): create cli skeleton",
    "body": "Bootstrap the project."
  }
}

## Execution rules

- Respect the current phase scope.
- Preserve existing behavior unless the spec explicitly changes it.
- Prefer small, coherent changes.
- Keep architectural boundaries explicit.
- Do not include unrelated refactors.
- Do not implement excluded scope.
- Do not move work from future phases into this phase unless required to keep the current phase coherent.
- If any planned file was not touched or any unplanned (non-optional) file was changed, explain why under "## What the next phase needs to know" in \`phase-handoff.md\`.
- Run the gate commands again after your changes to verify the gates are satisfied.
npm run typecheck
npm run test

## Required output

At the end, produce two Markdown artifacts inside \`.phax-context/\`:

1. \`.phax-context/summary.md\`, a concise record of what happened in the phase;
2. \`.phax-context/phase-handoff.md\`, the context that should be passed to the next phase.

\`summary.md\` should use this format:

# Phase summary

## Completed

## Decisions made

## Files changed

## Important constraints preserved

## Known limitations

## Follow-up for next phase

\`phase-handoff.md\` must contain exactly these four sections in order (phax validates them):

## What was delivered

## Key decisions and why

## Exact locations (file paths and exported names)

## What the next phase needs to know

Consult \`.skills/phax-phase-handoff.md\` for guidance on what to write in each section.
Keep it 150–400 words. No session transcript summaries.

The handoff must be concise but sufficient for the next phase to start in a fresh Claude Code session using only:

- \`plan.md\`;
- \`phax-plan.json\`;
- the current phase definition;
- the previous \`phase-handoff.md\`."
`;
