// Vitest Snapshot v1, https://vitest.dev/guide/snapshot.html

exports[`executePlan — semantic telemetry end-to-end > emits the expected semantic event types for a one-phase run > semantic-trace-snapshot 1`] = `
[
  {
    "step": "config.discover",
    "type": "step.started",
  },
  {
    "result": "success",
    "step": "config.validate",
    "type": "step.completed",
  },
  {
    "dispatcher": "dispatch",
    "event": "RunStarted",
    "stateAfter": "running:pending",
    "stateBefore": "created",
    "type": "state.transition",
  },
  {
    "result": "success",
    "step": "dispatch.RunResumeRequested",
    "type": "step.completed",
  },
  {
    "dispatcher": "dispatch",
    "event": "PhaseStartRequested",
    "stateAfter": "running:setting_up_worktree",
    "stateBefore": "running:pending",
    "type": "state.transition",
  },
  {
    "adapter": "git",
    "operation": "worktree.create",
    "operationId": "phase-01",
    "type": "adapter.call.succeeded",
  },
  {
    "dispatcher": "dispatch",
    "event": "WorktreeCreated",
    "stateAfter": "running:running",
    "stateBefore": "running:setting_up_worktree",
    "type": "state.transition",
  },
  {
    "normalizedTier": "fast",
    "operationId": "phase-01",
    "reason": "Provider priority selected claude-code; claude-sonnet/low maps to tier fast; claude-code provides claude-sonnet/low (exact).",
    "relationship": "exact",
    "requestedEffort": "low",
    "requestedFamily": "claude-sonnet",
    "selectedConcreteModel": "claude-sonnet-4-6",
    "selectedFamily": "claude-sonnet",
    "selectedProvider": "claude-code",
    "selectedThinking": "low",
    "type": "agent.model.resolved",
  },
  {
    "adapter": "claude-code",
    "operation": "agent.run",
    "operationId": "phase-01",
    "type": "adapter.call.started",
  },
  {
    "adapter": "claude-code",
    "operation": "agent.run",
    "operationId": "phase-01",
    "type": "adapter.call.succeeded",
  },
  {
    "artifact": "claude-session-id",
    "operationId": "phase-01",
    "path": "sess-01",
    "type": "artifact.generated",
  },
  {
    "operationId": "phase-01",
    "step": "gate.run",
    "type": "step.started",
  },
  {
    "operationId": "phase-01",
    "result": "success",
    "step": "gate.run",
    "type": "step.completed",
  },
  {
    "gate": "checks",
    "operationId": "phase-01",
    "result": "accepted",
    "type": "gate.evaluated",
  },
  {
    "dispatcher": "dispatch",
    "event": "GatePassed",
    "stateAfter": "running:passed",
    "stateBefore": "running:running",
    "type": "state.transition",
  },
  {
    "operationId": "phase-01",
    "step": "handoff.generate",
    "type": "step.started",
  },
  {
    "operationId": "phase-01",
    "result": "success",
    "step": "handoff.generate",
    "type": "step.completed",
  },
  {
    "dispatcher": "dispatch",
    "event": "CommitCreated",
    "stateAfter": "running:committed",
    "stateBefore": "running:passed",
    "type": "state.transition",
  },
  {
    "adapter": "git",
    "operation": "commit.create",
    "operationId": "phase-01",
    "type": "adapter.call.succeeded",
  },
  {
    "artifact": "file-reconciliation",
    "operationId": "phase-01",
    "path": "phase-01/file-reconciliation.md",
    "type": "artifact.generated",
  },
  {
    "dispatcher": "dispatch",
    "event": "FinalReviewOpened",
    "stateAfter": "review_open:review_open",
    "stateBefore": "running:committed",
    "type": "state.transition",
  },
]
`;
